

########## phase 3 batch (FULL, 2026-10-05 18:00:21) ##########

==============================================================================
[run] image_cnn_allmethods  (2026-10-05 18:00:21)
      -u /content/chameleon/src/train.py --modality image --model image_cnn --epochs 25 --batch-size 32 --lr 0.0001 --seed 0 --patience 8 --min-epochs 10 --num-workers -1 --tag image_cnn_allmethods
==============================================================================
Using device: cuda
  GPU: Tesla T4
Train: 10500 | Val: 2250 | Test: 2250
Excluded method (held out of training): None
Methods seen in training: ['dct_qim', 'lsb', 'lsb_matching', 'none']
Model image_cnn: 262306 trainable params (lr=0.0001, batch=32, bn_momentum=0.01, seed=0)
Epoch 1/25  train_loss=0.6140  val_acc=0.7560  val_balanced_acc=0.6551  val_auc=0.7391  val_cover_recall=0.5289  val_stego_recall=0.7812
  -> new best (val_balanced_acc=0.6551, val_auc=0.7391), checkpointing
Epoch 2/25  train_loss=0.5731  val_acc=0.7862  val_balanced_acc=0.6659  val_auc=0.7792  val_cover_recall=0.5156  val_stego_recall=0.8163
  -> new best (val_balanced_acc=0.6659, val_auc=0.7792), checkpointing
Epoch 3/25  train_loss=0.5521  val_acc=0.7276  val_balanced_acc=0.5484  val_auc=0.5942  val_cover_recall=0.3244  val_stego_recall=0.7723
Epoch 4/25  train_loss=0.5245  val_acc=0.7649  val_balanced_acc=0.5217  val_auc=0.5514  val_cover_recall=0.2178  val_stego_recall=0.8257
Epoch 5/25  train_loss=0.5134  val_acc=0.7000  val_balanced_acc=0.7662  val_auc=0.8487  val_cover_recall=0.8489  val_stego_recall=0.6835
  -> new best (val_balanced_acc=0.7662, val_auc=0.8487), checkpointing
Epoch 6/25  train_loss=0.5037  val_acc=0.5351  val_balanced_acc=0.6291  val_auc=0.6910  val_cover_recall=0.7467  val_stego_recall=0.5116
Epoch 7/25  train_loss=0.4940  val_acc=0.8560  val_balanced_acc=0.7284  val_auc=0.8352  val_cover_recall=0.5689  val_stego_recall=0.8879
Epoch 8/25  train_loss=0.4864  val_acc=0.6098  val_balanced_acc=0.6805  val_auc=0.7946  val_cover_recall=0.7689  val_stego_recall=0.5921
Epoch 9/25  train_loss=0.4734  val_acc=0.8342  val_balanced_acc=0.7736  val_auc=0.8703  val_cover_recall=0.6978  val_stego_recall=0.8494
  -> new best (val_balanced_acc=0.7736, val_auc=0.8703), checkpointing
Epoch 10/25  train_loss=0.4704  val_acc=0.7600  val_balanced_acc=0.5901  val_auc=0.6433  val_cover_recall=0.3778  val_stego_recall=0.8025
Epoch 11/25  train_loss=0.4619  val_acc=0.6782  val_balanced_acc=0.7047  val_auc=0.7871  val_cover_recall=0.7378  val_stego_recall=0.6716
Epoch 12/25  train_loss=0.4563  val_acc=0.7133  val_balanced_acc=0.5346  val_auc=0.6319  val_cover_recall=0.3111  val_stego_recall=0.7580
Epoch 13/25  train_loss=0.4454  val_acc=0.7684  val_balanced_acc=0.6956  val_auc=0.7984  val_cover_recall=0.6044  val_stego_recall=0.7867
Epoch 14/25  train_loss=0.4416  val_acc=0.7698  val_balanced_acc=0.6825  val_auc=0.7948  val_cover_recall=0.5733  val_stego_recall=0.7916
Epoch 15/25  train_loss=0.4362  val_acc=0.5907  val_balanced_acc=0.7094  val_auc=0.8059  val_cover_recall=0.8578  val_stego_recall=0.5610
Epoch 16/25  train_loss=0.4293  val_acc=0.8124  val_balanced_acc=0.7793  val_auc=0.8882  val_cover_recall=0.7378  val_stego_recall=0.8207
  -> new best (val_balanced_acc=0.7793, val_auc=0.8882), checkpointing
Epoch 17/25  train_loss=0.4186  val_acc=0.8036  val_balanced_acc=0.7921  val_auc=0.8929  val_cover_recall=0.7778  val_stego_recall=0.8064
  -> new best (val_balanced_acc=0.7921, val_auc=0.8929), checkpointing
Epoch 18/25  train_loss=0.4165  val_acc=0.8151  val_balanced_acc=0.6484  val_auc=0.7975  val_cover_recall=0.4400  val_stego_recall=0.8568
Epoch 19/25  train_loss=0.4115  val_acc=0.7689  val_balanced_acc=0.7906  val_auc=0.8895  val_cover_recall=0.8178  val_stego_recall=0.7635
Epoch 20/25  train_loss=0.4073  val_acc=0.8307  val_balanced_acc=0.7637  val_auc=0.8818  val_cover_recall=0.6800  val_stego_recall=0.8474
Epoch 21/25  train_loss=0.3971  val_acc=0.7733  val_balanced_acc=0.7812  val_auc=0.8886  val_cover_recall=0.7911  val_stego_recall=0.7714
Epoch 22/25  train_loss=0.4025  val_acc=0.7858  val_balanced_acc=0.7921  val_auc=0.8945  val_cover_recall=0.8000  val_stego_recall=0.7842
  -> new best (val_balanced_acc=0.7921, val_auc=0.8945), checkpointing
Epoch 23/25  train_loss=0.3971  val_acc=0.8076  val_balanced_acc=0.7844  val_auc=0.8930  val_cover_recall=0.7556  val_stego_recall=0.8133
Epoch 24/25  train_loss=0.3932  val_acc=0.8004  val_balanced_acc=0.7983  val_auc=0.8987  val_cover_recall=0.7956  val_stego_recall=0.8010
  -> new best (val_balanced_acc=0.7983, val_auc=0.8987), checkpointing
Epoch 25/25  train_loss=0.3891  val_acc=0.7996  val_balanced_acc=0.8037  val_auc=0.9015  val_cover_recall=0.8089  val_stego_recall=0.7985
  -> new best (val_balanced_acc=0.8037, val_auc=0.9015), checkpointing

Restored best checkpoint from epoch 25 (val_balanced_acc=0.8037) for final evaluation

Final test accuracy: 0.8107  (balanced: 0.8178, AUC: 0.9176)
  cover recall: 0.8267  stego recall: 0.8089
  dct_qim         acc=0.8341
  lsb             acc=0.7926
  lsb_matching    acc=0.8000
  none            acc=0.8267

Saved model to models/image_cnn_allmethods.pt
Saved results to results/test_results_image_cnn_allmethods.csv
[done] image_cnn_allmethods: ok in 12.6 min

==============================================================================
[run] image_cnn_excl_dct_qim  (2026-10-05 18:12:55)
      -u /content/chameleon/src/train.py --modality image --model image_cnn --epochs 25 --batch-size 32 --lr 0.0001 --seed 0 --patience 8 --min-epochs 10 --num-workers -1 --tag image_cnn_excl_dct_qim --exclude-method dct_qim
==============================================================================
Using device: cuda
  GPU: Tesla T4
Train: 7350 | Val: 2250 | Test: 2250
Excluded method (held out of training): dct_qim
Methods seen in training: ['lsb', 'lsb_matching', 'none']
Model image_cnn: 262306 trainable params (lr=0.0001, batch=32, bn_momentum=0.01, seed=0)
Epoch 1/25  train_loss=0.6311  val_acc=0.9000  val_balanced_acc=0.5000  val_auc=0.4713  val_cover_recall=0.0000  val_stego_recall=1.0000
  -> new best (val_balanced_acc=0.5000, val_auc=0.4713), checkpointing
Epoch 2/25  train_loss=0.6008  val_acc=0.8893  val_balanced_acc=0.6027  val_auc=0.6893  val_cover_recall=0.2444  val_stego_recall=0.9610
  -> new best (val_balanced_acc=0.6027, val_auc=0.6893), checkpointing
Epoch 3/25  train_loss=0.5652  val_acc=0.8147  val_balanced_acc=0.5454  val_auc=0.5666  val_cover_recall=0.2089  val_stego_recall=0.8820
Epoch 4/25  train_loss=0.5588  val_acc=0.7178  val_balanced_acc=0.6733  val_auc=0.7717  val_cover_recall=0.6178  val_stego_recall=0.7289
  -> new best (val_balanced_acc=0.6733, val_auc=0.7717), checkpointing
Epoch 5/25  train_loss=0.5337  val_acc=0.6858  val_balanced_acc=0.6753  val_auc=0.7859  val_cover_recall=0.6622  val_stego_recall=0.6884
  -> new best (val_balanced_acc=0.6753, val_auc=0.7859), checkpointing
Epoch 6/25  train_loss=0.5213  val_acc=0.8098  val_balanced_acc=0.5684  val_auc=0.6546  val_cover_recall=0.2667  val_stego_recall=0.8701
Epoch 7/25  train_loss=0.5191  val_acc=0.6093  val_balanced_acc=0.6427  val_auc=0.7436  val_cover_recall=0.6844  val_stego_recall=0.6010
Epoch 8/25  train_loss=0.5173  val_acc=0.7733  val_balanced_acc=0.7022  val_auc=0.8199  val_cover_recall=0.6133  val_stego_recall=0.7911
  -> new best (val_balanced_acc=0.7022, val_auc=0.8199), checkpointing
Epoch 9/25  train_loss=0.4917  val_acc=0.7391  val_balanced_acc=0.7760  val_auc=0.8706  val_cover_recall=0.8222  val_stego_recall=0.7299
  -> new best (val_balanced_acc=0.7760, val_auc=0.8706), checkpointing
Epoch 10/25  train_loss=0.4892  val_acc=0.8756  val_balanced_acc=0.7294  val_auc=0.8621  val_cover_recall=0.5467  val_stego_recall=0.9121
Epoch 11/25  train_loss=0.4842  val_acc=0.8093  val_balanced_acc=0.7400  val_auc=0.8732  val_cover_recall=0.6533  val_stego_recall=0.8267
Epoch 12/25  train_loss=0.4782  val_acc=0.7533  val_balanced_acc=0.7602  val_auc=0.8707  val_cover_recall=0.7689  val_stego_recall=0.7516
Epoch 13/25  train_loss=0.4667  val_acc=0.8520  val_balanced_acc=0.6807  val_auc=0.7581  val_cover_recall=0.4667  val_stego_recall=0.8948
Epoch 14/25  train_loss=0.4617  val_acc=0.8138  val_balanced_acc=0.6970  val_auc=0.8007  val_cover_recall=0.5511  val_stego_recall=0.8430
Epoch 15/25  train_loss=0.4608  val_acc=0.7689  val_balanced_acc=0.7254  val_auc=0.8419  val_cover_recall=0.6711  val_stego_recall=0.7798
Epoch 16/25  train_loss=0.4503  val_acc=0.7307  val_balanced_acc=0.6686  val_auc=0.7866  val_cover_recall=0.5911  val_stego_recall=0.7462
Epoch 17/25  train_loss=0.4592  val_acc=0.8276  val_balanced_acc=0.7402  val_auc=0.8598  val_cover_recall=0.6311  val_stego_recall=0.8494
  -> no improvement in 8 epochs, stopping early at epoch 17

Restored best checkpoint from epoch 9 (val_balanced_acc=0.7760) for final evaluation

Final test accuracy: 0.7658  (balanced: 0.7830, AUC: 0.8795)
  cover recall: 0.8044  stego recall: 0.7615
  dct_qim         acc=0.7674  <-- HELD OUT (blind generalization test)
  lsb             acc=0.7556
  lsb_matching    acc=0.7615
  none            acc=0.8044

Saved model to models/image_cnn_excl_dct_qim.pt
Saved results to results/test_results_image_cnn_excl_dct_qim.csv
[done] image_cnn_excl_dct_qim: ok in 6.6 min

==============================================================================
[run] audio_spectrogram_allmethods  (2026-10-05 18:19:28)
      -u /content/chameleon/src/train.py --modality audio --model audio_spectrogram --epochs 25 --batch-size 32 --lr 0.0001 --seed 0 --patience 8 --min-epochs 10 --num-workers -1 --tag audio_spectrogram_allmethods
==============================================================================
Using device: cuda
  GPU: Tesla T4
Train: 10500 | Val: 2250 | Test: 2250
Excluded method (held out of training): None
Methods seen in training: ['echo_hiding', 'lsb', 'lsb_matching', 'none']
Model audio_spectrogram: 106018 trainable params (lr=0.0001, batch=32, bn_momentum=0.01, seed=0)
Epoch 1/25  train_loss=0.3743  val_acc=0.7587  val_balanced_acc=0.5815  val_auc=0.5955  val_cover_recall=0.3600  val_stego_recall=0.8030
  -> new best (val_balanced_acc=0.5815, val_auc=0.5955), checkpointing
Epoch 2/25  train_loss=0.2011  val_acc=0.6098  val_balanced_acc=0.5975  val_auc=0.6278  val_cover_recall=0.5822  val_stego_recall=0.6128
  -> new best (val_balanced_acc=0.5975, val_auc=0.6278), checkpointing
Epoch 3/25  train_loss=0.1916  val_acc=0.6111  val_balanced_acc=0.6477  val_auc=0.6977  val_cover_recall=0.6933  val_stego_recall=0.6020
  -> new best (val_balanced_acc=0.6477, val_auc=0.6977), checkpointing
Epoch 4/25  train_loss=0.1852  val_acc=0.7009  val_balanced_acc=0.5830  val_auc=0.5883  val_cover_recall=0.4356  val_stego_recall=0.7304
Epoch 5/25  train_loss=0.1831  val_acc=0.6836  val_balanced_acc=0.6030  val_auc=0.6242  val_cover_recall=0.5022  val_stego_recall=0.7037
Epoch 6/25  train_loss=0.1745  val_acc=0.7156  val_balanced_acc=0.5951  val_auc=0.6191  val_cover_recall=0.4444  val_stego_recall=0.7457
Epoch 7/25  train_loss=0.1701  val_acc=0.7173  val_balanced_acc=0.6079  val_auc=0.6538  val_cover_recall=0.4711  val_stego_recall=0.7447
Epoch 8/25  train_loss=0.1754  val_acc=0.6880  val_balanced_acc=0.6035  val_auc=0.6335  val_cover_recall=0.4978  val_stego_recall=0.7091
Epoch 9/25  train_loss=0.1726  val_acc=0.7009  val_balanced_acc=0.6560  val_auc=0.6992  val_cover_recall=0.6000  val_stego_recall=0.7121
  -> new best (val_balanced_acc=0.6560, val_auc=0.6992), checkpointing
Epoch 10/25  train_loss=0.1709  val_acc=0.6467  val_balanced_acc=0.6457  val_auc=0.6873  val_cover_recall=0.6444  val_stego_recall=0.6469
Epoch 11/25  train_loss=0.1756  val_acc=0.7258  val_balanced_acc=0.6225  val_auc=0.6652  val_cover_recall=0.4933  val_stego_recall=0.7516
Epoch 12/25  train_loss=0.1670  val_acc=0.6302  val_balanced_acc=0.6385  val_auc=0.6818  val_cover_recall=0.6489  val_stego_recall=0.6281
Epoch 13/25  train_loss=0.1733  val_acc=0.7444  val_balanced_acc=0.6012  val_auc=0.6316  val_cover_recall=0.4222  val_stego_recall=0.7802
Epoch 14/25  train_loss=0.1685  val_acc=0.6449  val_balanced_acc=0.6407  val_auc=0.6801  val_cover_recall=0.6356  val_stego_recall=0.6459
Epoch 15/25  train_loss=0.1636  val_acc=0.7284  val_balanced_acc=0.6378  val_auc=0.6805  val_cover_recall=0.5244  val_stego_recall=0.7511
Epoch 16/25  train_loss=0.1811  val_acc=0.6702  val_balanced_acc=0.5857  val_auc=0.5721  val_cover_recall=0.4800  val_stego_recall=0.6914
Epoch 17/25  train_loss=0.1667  val_acc=0.6311  val_balanced_acc=0.6528  val_auc=0.6982  val_cover_recall=0.6800  val_stego_recall=0.6257
  -> no improvement in 8 epochs, stopping early at epoch 17

Restored best checkpoint from epoch 9 (val_balanced_acc=0.6560) for final evaluation

Final test accuracy: 0.6849  (balanced: 0.6353, AUC: 0.6805)
  cover recall: 0.5733  stego recall: 0.6973
  echo_hiding     acc=0.9704
  lsb             acc=0.5644
  lsb_matching    acc=0.5570
  none            acc=0.5733

Saved model to models/audio_spectrogram_allmethods.pt
Saved results to results/test_results_audio_spectrogram_allmethods.csv
[done] audio_spectrogram_allmethods: ok in 2.5 min

==============================================================================
[run] audio_spectrogram_excl_echo_hiding  (2026-10-05 18:21:57)
      -u /content/chameleon/src/train.py --modality audio --model audio_spectrogram --epochs 25 --batch-size 32 --lr 0.0001 --seed 0 --patience 8 --min-epochs 10 --num-workers -1 --tag audio_spectrogram_excl_echo_hiding --exclude-method echo_hiding
==============================================================================
Using device: cuda
  GPU: Tesla T4
Train: 7350 | Val: 2250 | Test: 2250
Excluded method (held out of training): echo_hiding
Methods seen in training: ['lsb', 'lsb_matching', 'none']
Model audio_spectrogram: 106018 trainable params (lr=0.0001, batch=32, bn_momentum=0.01, seed=0)
Epoch 1/25  train_loss=0.4033  val_acc=0.7787  val_balanced_acc=0.5551  val_auc=0.5151  val_cover_recall=0.2756  val_stego_recall=0.8346
  -> new best (val_balanced_acc=0.5551, val_auc=0.5151), checkpointing
Epoch 2/25  train_loss=0.2096  val_acc=0.4316  val_balanced_acc=0.5657  val_auc=0.6401  val_cover_recall=0.7333  val_stego_recall=0.3980
  -> new best (val_balanced_acc=0.5657, val_auc=0.6401), checkpointing
Epoch 3/25  train_loss=0.1837  val_acc=0.2516  val_balanced_acc=0.5585  val_auc=0.6533  val_cover_recall=0.9422  val_stego_recall=0.1748
Epoch 4/25  train_loss=0.1888  val_acc=0.1880  val_balanced_acc=0.5489  val_auc=0.6622  val_cover_recall=1.0000  val_stego_recall=0.0978
Epoch 5/25  train_loss=0.1790  val_acc=0.3084  val_balanced_acc=0.5467  val_auc=0.6573  val_cover_recall=0.8444  val_stego_recall=0.2489
Epoch 6/25  train_loss=0.1815  val_acc=0.3227  val_balanced_acc=0.5565  val_auc=0.6618  val_cover_recall=0.8489  val_stego_recall=0.2642
Epoch 7/25  train_loss=0.1690  val_acc=0.2747  val_balanced_acc=0.5516  val_auc=0.6580  val_cover_recall=0.8978  val_stego_recall=0.2054
Epoch 8/25  train_loss=0.1689  val_acc=0.3578  val_balanced_acc=0.5622  val_auc=0.6590  val_cover_recall=0.8178  val_stego_recall=0.3067
Epoch 9/25  train_loss=0.1716  val_acc=0.2493  val_balanced_acc=0.5573  val_auc=0.6577  val_cover_recall=0.9422  val_stego_recall=0.1723
Epoch 10/25  train_loss=0.1685  val_acc=0.2680  val_balanced_acc=0.5598  val_auc=0.6571  val_cover_recall=0.9244  val_stego_recall=0.1951
  -> no improvement in 8 epochs, stopping early at epoch 10

Restored best checkpoint from epoch 2 (val_balanced_acc=0.5657) for final evaluation

Final test accuracy: 0.4440  (balanced: 0.5509, AUC: 0.6227)
  cover recall: 0.6844  stego recall: 0.4173
  echo_hiding     acc=0.3793  <-- HELD OUT (blind generalization test)
  lsb             acc=0.4489
  lsb_matching    acc=0.4237
  none            acc=0.6844

Saved model to models/audio_spectrogram_excl_echo_hiding.pt
Saved results to results/test_results_audio_spectrogram_excl_echo_hiding.csv
[done] audio_spectrogram_excl_echo_hiding: ok in 1.1 min

==============================================================================
[run] audio_waveform_allmethods  (2026-10-05 18:23:04)
      -u /content/chameleon/src/train.py --modality audio --model audio_waveform --epochs 25 --batch-size 32 --lr 0.0001 --seed 0 --patience 8 --min-epochs 10 --num-workers -1 --tag audio_waveform_allmethods
==============================================================================
Using device: cuda
  GPU: Tesla T4
Train: 10500 | Val: 2250 | Test: 2250
Excluded method (held out of training): None
Methods seen in training: ['echo_hiding', 'lsb', 'lsb_matching', 'none']
Model audio_waveform: 253858 trainable params (lr=0.0001, batch=32, bn_momentum=0.01, seed=0)
Epoch 1/25  train_loss=0.6960  val_acc=0.6307  val_balanced_acc=0.5044  val_auc=0.5131  val_cover_recall=0.3467  val_stego_recall=0.6622
  -> new best (val_balanced_acc=0.5044, val_auc=0.5131), checkpointing
Epoch 2/25  train_loss=0.6888  val_acc=0.5782  val_balanced_acc=0.5602  val_auc=0.5720  val_cover_recall=0.5378  val_stego_recall=0.5827
  -> new best (val_balanced_acc=0.5602, val_auc=0.5720), checkpointing
Epoch 3/25  train_loss=0.6675  val_acc=0.2338  val_balanced_acc=0.5585  val_auc=0.6017  val_cover_recall=0.9644  val_stego_recall=0.1526
Epoch 4/25  train_loss=0.6519  val_acc=0.7578  val_balanced_acc=0.5415  val_auc=0.5962  val_cover_recall=0.2711  val_stego_recall=0.8119
Epoch 5/25  train_loss=0.6382  val_acc=0.6347  val_balanced_acc=0.5422  val_auc=0.5865  val_cover_recall=0.4267  val_stego_recall=0.6578
Epoch 6/25  train_loss=0.6350  val_acc=0.6338  val_balanced_acc=0.5733  val_auc=0.6265  val_cover_recall=0.4978  val_stego_recall=0.6489
  -> new best (val_balanced_acc=0.5733, val_auc=0.6265), checkpointing
Epoch 7/25  train_loss=0.6291  val_acc=0.7973  val_balanced_acc=0.5042  val_auc=0.5516  val_cover_recall=0.1378  val_stego_recall=0.8706
Epoch 8/25  train_loss=0.6220  val_acc=0.4244  val_balanced_acc=0.5894  val_auc=0.6334  val_cover_recall=0.7956  val_stego_recall=0.3832
  -> new best (val_balanced_acc=0.5894, val_auc=0.6334), checkpointing
Epoch 9/25  train_loss=0.6264  val_acc=0.5978  val_balanced_acc=0.5889  val_auc=0.6328  val_cover_recall=0.5778  val_stego_recall=0.6000
Epoch 10/25  train_loss=0.6285  val_acc=0.2827  val_balanced_acc=0.5877  val_auc=0.6288  val_cover_recall=0.9689  val_stego_recall=0.2064
Epoch 11/25  train_loss=0.6260  val_acc=0.7613  val_balanced_acc=0.5020  val_auc=0.5476  val_cover_recall=0.1778  val_stego_recall=0.8262
Epoch 12/25  train_loss=0.6255  val_acc=0.3196  val_balanced_acc=0.5686  val_auc=0.6160  val_cover_recall=0.8800  val_stego_recall=0.2573
Epoch 13/25  train_loss=0.6235  val_acc=0.5769  val_balanced_acc=0.5951  val_auc=0.6365  val_cover_recall=0.6178  val_stego_recall=0.5723
  -> new best (val_balanced_acc=0.5951, val_auc=0.6365), checkpointing
Epoch 14/25  train_loss=0.6191  val_acc=0.3600  val_balanced_acc=0.5911  val_auc=0.6310  val_cover_recall=0.8800  val_stego_recall=0.3022
Epoch 15/25  train_loss=0.6196  val_acc=0.5782  val_balanced_acc=0.5899  val_auc=0.6367  val_cover_recall=0.6044  val_stego_recall=0.5753
Epoch 16/25  train_loss=0.6235  val_acc=0.5356  val_balanced_acc=0.5721  val_auc=0.6162  val_cover_recall=0.6178  val_stego_recall=0.5264
Epoch 17/25  train_loss=0.6214  val_acc=0.3560  val_balanced_acc=0.5909  val_auc=0.6357  val_cover_recall=0.8844  val_stego_recall=0.2973
Epoch 18/25  train_loss=0.6212  val_acc=0.3596  val_balanced_acc=0.5909  val_auc=0.6367  val_cover_recall=0.8800  val_stego_recall=0.3017
Epoch 19/25  train_loss=0.6126  val_acc=0.3996  val_balanced_acc=0.5894  val_auc=0.6348  val_cover_recall=0.8267  val_stego_recall=0.3521
Epoch 20/25  train_loss=0.6159  val_acc=0.4911  val_balanced_acc=0.5968  val_auc=0.6376  val_cover_recall=0.7289  val_stego_recall=0.4647
  -> new best (val_balanced_acc=0.5968, val_auc=0.6376), checkpointing
Epoch 21/25  train_loss=0.6146  val_acc=0.3569  val_balanced_acc=0.5933  val_auc=0.6374  val_cover_recall=0.8889  val_stego_recall=0.2978
Epoch 22/25  train_loss=0.6212  val_acc=0.5569  val_balanced_acc=0.5938  val_auc=0.6389  val_cover_recall=0.6400  val_stego_recall=0.5477
Epoch 23/25  train_loss=0.6171  val_acc=0.4662  val_balanced_acc=0.6047  val_auc=0.6391  val_cover_recall=0.7778  val_stego_recall=0.4316
  -> new best (val_balanced_acc=0.6047, val_auc=0.6391), checkpointing
Epoch 24/25  train_loss=0.6164  val_acc=0.4964  val_balanced_acc=0.6037  val_auc=0.6383  val_cover_recall=0.7378  val_stego_recall=0.4696
Epoch 25/25  train_loss=0.6190  val_acc=0.5240  val_balanced_acc=0.5973  val_auc=0.6384  val_cover_recall=0.6889  val_stego_recall=0.5057

Restored best checkpoint from epoch 23 (val_balanced_acc=0.6047) for final evaluation

Final test accuracy: 0.4396  (balanced: 0.6096, AUC: 0.6405)
  cover recall: 0.8222  stego recall: 0.3970
  echo_hiding     acc=0.8356
  lsb             acc=0.1778
  lsb_matching    acc=0.1778
  none            acc=0.8222

Saved model to models/audio_waveform_allmethods.pt
Saved results to results/test_results_audio_waveform_allmethods.csv
[done] audio_waveform_allmethods: ok in 4.8 min

==============================================================================
[run] audio_waveform_excl_echo_hiding  (2026-10-05 18:27:50)
      -u /content/chameleon/src/train.py --modality audio --model audio_waveform --epochs 25 --batch-size 32 --lr 0.0001 --seed 0 --patience 8 --min-epochs 10 --num-workers -1 --tag audio_waveform_excl_echo_hiding --exclude-method echo_hiding
==============================================================================
Using device: cuda
  GPU: Tesla T4
Train: 7350 | Val: 2250 | Test: 2250
Excluded method (held out of training): echo_hiding
Methods seen in training: ['lsb', 'lsb_matching', 'none']
Model audio_waveform: 253858 trainable params (lr=0.0001, batch=32, bn_momentum=0.01, seed=0)
Epoch 1/25  train_loss=0.6972  val_acc=0.8787  val_balanced_acc=0.5000  val_auc=0.5044  val_cover_recall=0.0267  val_stego_recall=0.9733
  -> new best (val_balanced_acc=0.5000, val_auc=0.5044), checkpointing
Epoch 2/25  train_loss=0.6963  val_acc=0.5116  val_balanced_acc=0.5015  val_auc=0.5028  val_cover_recall=0.4889  val_stego_recall=0.5141
  -> new best (val_balanced_acc=0.5015, val_auc=0.5028), checkpointing
Epoch 3/25  train_loss=0.6950  val_acc=0.3351  val_balanced_acc=0.5022  val_auc=0.5056  val_cover_recall=0.7111  val_stego_recall=0.2933
  -> new best (val_balanced_acc=0.5022, val_auc=0.5056), checkpointing
Epoch 4/25  train_loss=0.6946  val_acc=0.6169  val_balanced_acc=0.5007  val_auc=0.4989  val_cover_recall=0.3556  val_stego_recall=0.6459
Epoch 5/25  train_loss=0.6950  val_acc=0.2907  val_balanced_acc=0.5052  val_auc=0.5047  val_cover_recall=0.7733  val_stego_recall=0.2370
  -> new best (val_balanced_acc=0.5052, val_auc=0.5047), checkpointing
Epoch 6/25  train_loss=0.6939  val_acc=0.5333  val_balanced_acc=0.5017  val_auc=0.5073  val_cover_recall=0.4622  val_stego_recall=0.5412
Epoch 7/25  train_loss=0.6950  val_acc=0.8036  val_balanced_acc=0.5017  val_auc=0.5022  val_cover_recall=0.1244  val_stego_recall=0.8790
Epoch 8/25  train_loss=0.6942  val_acc=0.8098  val_balanced_acc=0.5012  val_auc=0.4992  val_cover_recall=0.1156  val_stego_recall=0.8869
Epoch 9/25  train_loss=0.6943  val_acc=0.4778  val_balanced_acc=0.4985  val_auc=0.5047  val_cover_recall=0.5244  val_stego_recall=0.4726
Epoch 10/25  train_loss=0.6933  val_acc=0.7338  val_balanced_acc=0.5005  val_auc=0.5053  val_cover_recall=0.2089  val_stego_recall=0.7921
Epoch 11/25  train_loss=0.6937  val_acc=0.7604  val_balanced_acc=0.5015  val_auc=0.5030  val_cover_recall=0.1778  val_stego_recall=0.8252
Epoch 12/25  train_loss=0.6941  val_acc=0.5209  val_balanced_acc=0.5007  val_auc=0.5072  val_cover_recall=0.4756  val_stego_recall=0.5259
Epoch 13/25  train_loss=0.6937  val_acc=0.7889  val_balanced_acc=0.5035  val_auc=0.4993  val_cover_recall=0.1467  val_stego_recall=0.8602
  -> no improvement in 8 epochs, stopping early at epoch 13

Restored best checkpoint from epoch 5 (val_balanced_acc=0.5052) for final evaluation

Final test accuracy: 0.2329  (balanced: 0.5027, AUC: 0.5029)
  cover recall: 0.8400  stego recall: 0.1654
  echo_hiding     acc=0.1763  <-- HELD OUT (blind generalization test)
  lsb             acc=0.1600
  lsb_matching    acc=0.1600
  none            acc=0.8400

Saved model to models/audio_waveform_excl_echo_hiding.pt
Saved results to results/test_results_audio_waveform_excl_echo_hiding.csv
[done] audio_waveform_excl_echo_hiding: ok in 1.9 min

==============================================================================
BATCH SUMMARY (total 29.4 min)
==============================================================================
  image_cnn_allmethods                     ok                     12.6 min
  image_cnn_excl_dct_qim                   ok                      6.6 min
  audio_spectrogram_allmethods             ok                      2.5 min
  audio_spectrogram_excl_echo_hiding       ok                      1.1 min
  audio_waveform_allmethods                ok                      4.8 min
  audio_waveform_excl_echo_hiding          ok                      1.9 min

Log written to /content/chameleon/results/phase3_runs.log
